// Jest Snapshot v1, https://goo.gl/fbAQLP

exports[`collectBuiltState should build a mutable state 1`] = `
Object {
  "other": Immutable.Map {
    baz: "test",
},
  "stuff": Immutable.Map {
    foo: "test",
},
  "things": Immutable.Map {
    bar: "test",
},
}
`;

exports[`collectBuiltState should build an immutable state 1`] = `
Immutable.Map {
  stuff: Immutable.Map {
    foo: "test",
  },
  things: Immutable.Map {
    bar: "test",
  },
  other: Immutable.Map {
    baz: "test",
  },
}
`;
